// Jest Snapshot v1, https://goo.gl/fbAQLP

exports[`App should render without issues renders correctly 1`] = `
<div
  className="App"
>
  <h1>
    Searchable heroes
  </h1>
  <br />
  <div
    className="Wrapper"
  >
    <div
      className="input-container"
    >
      <input
        className="input"
        onChange={[Function]}
        placeholder="Search DC heros by name, alias or ID"
        type="text"
        value=""
      />
    </div>
  </div>
</div>
`;
